// Jest Snapshot v1, https://goo.gl/fbAQLP

exports[`Privacy Policy renders correctly 1`] = `
<View
  style={
    Object {
      "flex": 1,
    }
  }
>
  <RNCSafeAreaProvider
    onInsetsChange={[Function]}
    style={
      Object {
        "flex": 1,
      }
    }
  />
</View>
`;
